// Jest Snapshot v1, https://goo.gl/fbAQLP

exports[`should render NotFoundPage correctly 1`] = `
<div>
  <h1>
     404 Page Not Found
  </h1>
  <Link
    to="/"
  >
    Go home
  </Link>
</div>
`;
